server/storage-memory.ts(193,25): error TS18026: '#!' can only be used at the start of a file.
server/storage-memory.ts(193,26): error TS1134: Variable declaration expected.
server/storage-memory.ts(193,40): error TS1005: ';' expected.
server/storage-memory.ts(194,3): error TS1005: ';' expected.
server/storage-memory.ts(194,4): error TS1002: Unterminated string literal.
server/storage-memory.ts(195,12): error TS1127: Invalid character.
server/storage-memory.ts(195,29): error TS1005: ';' expected.
server/storage-memory.ts(195,40): error TS1434: Unexpected keyword or identifier.
server/storage-memory.ts(196,1): error TS1127: Invalid character.
server/storage-memory.ts(196,2): error TS1127: Invalid character.
server/storage-memory.ts(196,3): error TS1127: Invalid character.
server/storage-memory.ts(196,4): error TS1127: Invalid character.
server/storage-memory.ts(196,5): error TS1127: Invalid character.
server/storage-memory.ts(196,6): error TS1127: Invalid character.
server/storage-memory.ts(196,7): error TS1127: Invalid character.
server/storage-memory.ts(196,8): error TS1127: Invalid character.
server/storage-memory.ts(196,9): error TS1127: Invalid character.
server/storage-memory.ts(196,10): error TS1127: Invalid character.
server/storage-memory.ts(196,11): error TS1127: Invalid character.
server/storage-memory.ts(196,12): error TS1127: Invalid character.
server/storage-memory.ts(196,13): error TS1127: Invalid character.
server/storage-memory.ts(196,14): error TS1127: Invalid character.
server/storage-memory.ts(196,15): error TS1127: Invalid character.
server/storage-memory.ts(196,16): error TS1127: Invalid character.
server/storage-memory.ts(196,17): error TS1127: Invalid character.
server/storage-memory.ts(196,18): error TS1127: Invalid character.
server/storage-memory.ts(196,19): error TS1127: Invalid character.
server/storage-memory.ts(196,20): error TS1127: Invalid character.
server/storage-memory.ts(196,21): error TS1127: Invalid character.
server/storage-memory.ts(196,22): error TS1127: Invalid character.
server/storage-memory.ts(196,23): error TS1127: Invalid character.
server/storage-memory.ts(196,24): error TS1127: Invalid character.
server/storage-memory.ts(196,25): error TS1127: Invalid character.
server/storage-memory.ts(196,26): error TS1127: Invalid character.
server/storage-memory.ts(196,27): error TS1127: Invalid character.
server/storage-memory.ts(196,28): error TS1127: Invalid character.
server/storage-memory.ts(196,29): error TS1127: Invalid character.
server/storage-memory.ts(196,30): error TS1127: Invalid character.
server/storage-memory.ts(196,31): error TS1127: Invalid character.
server/storage-memory.ts(196,32): error TS1127: Invalid character.
server/storage-memory.ts(196,33): error TS1127: Invalid character.
server/storage-memory.ts(196,34): error TS1127: Invalid character.
server/storage-memory.ts(196,35): error TS1127: Invalid character.
server/storage-memory.ts(196,36): error TS1127: Invalid character.
server/storage-memory.ts(196,37): error TS1127: Invalid character.
server/storage-memory.ts(196,38): error TS1127: Invalid character.
server/storage-memory.ts(196,39): error TS1127: Invalid character.
server/storage-memory.ts(196,40): error TS1127: Invalid character.
server/storage-memory.ts(196,41): error TS1127: Invalid character.
server/storage-memory.ts(196,42): error TS1127: Invalid character.
server/storage-memory.ts(196,43): error TS1127: Invalid character.
server/storage-memory.ts(196,44): error TS1127: Invalid character.
server/storage-memory.ts(196,45): error TS1127: Invalid character.
server/storage-memory.ts(196,46): error TS1127: Invalid character.
server/storage-memory.ts(196,47): error TS1127: Invalid character.
server/storage-memory.ts(196,48): error TS1127: Invalid character.
server/storage-memory.ts(196,49): error TS1127: Invalid character.
server/storage-memory.ts(196,50): error TS1127: Invalid character.
server/storage-memory.ts(196,51): error TS1127: Invalid character.
server/storage-memory.ts(196,52): error TS1127: Invalid character.
server/storage-memory.ts(196,53): error TS1127: Invalid character.
server/storage-memory.ts(197,13): error TS1434: Unexpected keyword or identifier.
server/storage-memory.ts(198,13): error TS1434: Unexpected keyword or identifier.
server/storage-memory.ts(199,13): error TS1434: Unexpected keyword or identifier.
server/storage-memory.ts(199,22): error TS1434: Unexpected keyword or identifier.
server/storage-memory.ts(199,25): error TS1434: Unexpected keyword or identifier.
server/storage-memory.ts(200,13): error TS1434: Unexpected keyword or identifier.
server/storage-memory.ts(200,30): error TS1127: Invalid character.
server/storage-memory.ts(200,32): error TS1434: Unexpected keyword or identifier.
server/storage-memory.ts(200,51): error TS1005: ',' expected.
server/storage-memory.ts(200,67): error TS1005: ',' expected.
server/storage-memory.ts(201,13): error TS1434: Unexpected keyword or identifier.
server/storage-memory.ts(202,1): error TS1127: Invalid character.
server/storage-memory.ts(202,2): error TS1127: Invalid character.
server/storage-memory.ts(202,3): error TS1127: Invalid character.
server/storage-memory.ts(202,4): error TS1127: Invalid character.
server/storage-memory.ts(202,5): error TS1127: Invalid character.
server/storage-memory.ts(202,6): error TS1127: Invalid character.
server/storage-memory.ts(202,7): error TS1127: Invalid character.
server/storage-memory.ts(202,8): error TS1127: Invalid character.
server/storage-memory.ts(202,9): error TS1127: Invalid character.
server/storage-memory.ts(202,10): error TS1127: Invalid character.
server/storage-memory.ts(202,11): error TS1127: Invalid character.
server/storage-memory.ts(202,12): error TS1127: Invalid character.
server/storage-memory.ts(202,13): error TS1127: Invalid character.
server/storage-memory.ts(202,14): error TS1127: Invalid character.
server/storage-memory.ts(202,15): error TS1127: Invalid character.
server/storage-memory.ts(202,16): error TS1127: Invalid character.
server/storage-memory.ts(202,17): error TS1127: Invalid character.
server/storage-memory.ts(202,18): error TS1127: Invalid character.
server/storage-memory.ts(202,19): error TS1127: Invalid character.
server/storage-memory.ts(202,20): error TS1127: Invalid character.
server/storage-memory.ts(202,21): error TS1127: Invalid character.
server/storage-memory.ts(202,22): error TS1127: Invalid character.
server/storage-memory.ts(202,23): error TS1127: Invalid character.
server/storage-memory.ts(202,24): error TS1127: Invalid character.
server/storage-memory.ts(202,25): error TS1127: Invalid character.
server/storage-memory.ts(202,26): error TS1127: Invalid character.
server/storage-memory.ts(202,27): error TS1127: Invalid character.
server/storage-memory.ts(202,28): error TS1127: Invalid character.
server/storage-memory.ts(202,29): error TS1127: Invalid character.
server/storage-memory.ts(202,30): error TS1127: Invalid character.
server/storage-memory.ts(202,31): error TS1127: Invalid character.
server/storage-memory.ts(202,32): error TS1127: Invalid character.
server/storage-memory.ts(202,33): error TS1127: Invalid character.
server/storage-memory.ts(202,34): error TS1127: Invalid character.
server/storage-memory.ts(202,35): error TS1127: Invalid character.
server/storage-memory.ts(202,36): error TS1127: Invalid character.
server/storage-memory.ts(202,37): error TS1127: Invalid character.
server/storage-memory.ts(202,38): error TS1127: Invalid character.
server/storage-memory.ts(202,39): error TS1127: Invalid character.
server/storage-memory.ts(202,40): error TS1127: Invalid character.
server/storage-memory.ts(202,41): error TS1127: Invalid character.
server/storage-memory.ts(202,42): error TS1127: Invalid character.
server/storage-memory.ts(202,43): error TS1127: Invalid character.
server/storage-memory.ts(202,44): error TS1127: Invalid character.
server/storage-memory.ts(202,45): error TS1127: Invalid character.
server/storage-memory.ts(202,46): error TS1127: Invalid character.
server/storage-memory.ts(202,47): error TS1127: Invalid character.
server/storage-memory.ts(202,48): error TS1127: Invalid character.
server/storage-memory.ts(202,49): error TS1127: Invalid character.
server/storage-memory.ts(202,50): error TS1127: Invalid character.
server/storage-memory.ts(202,51): error TS1127: Invalid character.
server/storage-memory.ts(202,52): error TS1127: Invalid character.
server/storage-memory.ts(202,53): error TS1127: Invalid character.
server/storage-memory.ts(203,3): error TS1005: ';' expected.
server/storage-memory.ts(203,4): error TS1002: Unterminated string literal.
server/storage-memory.ts(206,1): error TS1005: '=' expected.
server/storage-memory.ts(207,1): error TS1005: '=' expected.
server/storage-memory.ts(207,14): error TS1005: '=' expected.
server/storage-memory.ts(207,17): error TS1005: ';' expected.
server/storage-memory.ts(208,20): error TS1005: '=' expected.
server/storage-memory.ts(208,23): error TS1005: ';' expected.
server/storage-memory.ts(209,1): error TS1434: Unexpected keyword or identifier.
server/storage-memory.ts(209,6): error TS1434: Unexpected keyword or identifier.
server/storage-memory.ts(210,13): error TS1005: ';' expected.
server/storage-memory.ts(212,14): error TS1005: ';' expected.
server/storage-memory.ts(212,30): error TS1005: '{' expected.
server/storage-memory.ts(213,1): error TS1434: Unexpected keyword or identifier.
server/storage-memory.ts(213,6): error TS1434: Unexpected keyword or identifier.
server/storage-memory.ts(214,24): error TS1005: ';' expected.
server/storage-memory.ts(214,40): error TS1005: '{' expected.
server/storage-memory.ts(215,1): error TS1434: Unexpected keyword or identifier.
server/storage-memory.ts(215,26): error TS1005: ';' expected.
server/storage-memory.ts(217,1): error TS1127: Invalid character.
server/storage-memory.ts(217,3): error TS1127: Invalid character.
server/storage-memory.ts(217,4): error TS1127: Invalid character.
server/storage-memory.ts(217,6): error TS1434: Unexpected keyword or identifier.
server/storage-memory.ts(217,14): error TS1435: Unknown keyword or identifier. Did you mean 'set'?
server/storage-memory.ts(217,20): error TS1127: Invalid character.
server/storage-memory.ts(217,20): error TS1128: Declaration or statement expected.
server/storage-memory.ts(217,21): error TS1127: Invalid character.
server/storage-memory.ts(217,22): error TS1127: Invalid character.
server/storage-memory.ts(217,23): error TS1127: Invalid character.
server/storage-memory.ts(217,24): error TS1127: Invalid character.
server/storage-memory.ts(217,25): error TS1127: Invalid character.
server/storage-memory.ts(217,26): error TS1127: Invalid character.
server/storage-memory.ts(217,27): error TS1127: Invalid character.
server/storage-memory.ts(217,28): error TS1127: Invalid character.
server/storage-memory.ts(217,29): error TS1127: Invalid character.
server/storage-memory.ts(217,30): error TS1127: Invalid character.
server/storage-memory.ts(217,31): error TS1127: Invalid character.
server/storage-memory.ts(217,32): error TS1127: Invalid character.
server/storage-memory.ts(217,33): error TS1127: Invalid character.
server/storage-memory.ts(217,34): error TS1127: Invalid character.
server/storage-memory.ts(217,35): error TS1127: Invalid character.
server/storage-memory.ts(217,36): error TS1127: Invalid character.
server/storage-memory.ts(217,37): error TS1127: Invalid character.
server/storage-memory.ts(217,38): error TS1127: Invalid character.
server/storage-memory.ts(217,39): error TS1127: Invalid character.
server/storage-memory.ts(217,40): error TS1127: Invalid character.
server/storage-memory.ts(217,41): error TS1127: Invalid character.
server/storage-memory.ts(217,42): error TS1127: Invalid character.
server/storage-memory.ts(217,43): error TS1127: Invalid character.
server/storage-memory.ts(217,44): error TS1127: Invalid character.
server/storage-memory.ts(217,45): error TS1127: Invalid character.
server/storage-memory.ts(217,46): error TS1127: Invalid character.
server/storage-memory.ts(217,47): error TS1127: Invalid character.
server/storage-memory.ts(217,48): error TS1127: Invalid character.
server/storage-memory.ts(217,49): error TS1127: Invalid character.
server/storage-memory.ts(217,50): error TS1127: Invalid character.
server/storage-memory.ts(217,51): error TS1127: Invalid character.
server/storage-memory.ts(217,52): error TS1127: Invalid character.
server/storage-memory.ts(217,53): error TS1127: Invalid character.
server/storage-memory.ts(217,54): error TS1127: Invalid character.
server/storage-memory.ts(217,55): error TS1127: Invalid character.
server/storage-memory.ts(217,56): error TS1127: Invalid character.
server/storage-memory.ts(217,57): error TS1127: Invalid character.
server/storage-memory.ts(217,58): error TS1127: Invalid character.
server/storage-memory.ts(217,59): error TS1127: Invalid character.
server/storage-memory.ts(217,60): error TS1127: Invalid character.
server/storage-memory.ts(217,61): error TS1127: Invalid character.
server/storage-memory.ts(217,62): error TS1127: Invalid character.
server/storage-memory.ts(217,63): error TS1127: Invalid character.
server/storage-memory.ts(217,64): error TS1127: Invalid character.
server/storage-memory.ts(217,65): error TS1127: Invalid character.
server/storage-memory.ts(217,66): error TS1127: Invalid character.
server/storage-memory.ts(217,67): error TS1127: Invalid character.
server/storage-memory.ts(217,68): error TS1127: Invalid character.
server/storage-memory.ts(217,69): error TS1127: Invalid character.
server/storage-memory.ts(217,70): error TS1127: Invalid character.
server/storage-memory.ts(217,71): error TS1127: Invalid character.
server/storage-memory.ts(217,72): error TS1127: Invalid character.
server/storage-memory.ts(217,73): error TS1127: Invalid character.
server/storage-memory.ts(217,74): error TS1127: Invalid character.
server/storage-memory.ts(217,75): error TS1127: Invalid character.
server/storage-memory.ts(217,76): error TS1127: Invalid character.
server/storage-memory.ts(217,77): error TS1127: Invalid character.
server/storage-memory.ts(217,78): error TS1127: Invalid character.
server/storage-memory.ts(217,79): error TS1127: Invalid character.
server/storage-memory.ts(217,80): error TS1127: Invalid character.
server/storage-memory.ts(225,1): error TS1127: Invalid character.
server/storage-memory.ts(225,3): error TS1127: Invalid character.
server/storage-memory.ts(225,4): error TS1127: Invalid character.
server/storage-memory.ts(225,6): error TS1434: Unexpected keyword or identifier.
server/storage-memory.ts(225,25): error TS1127: Invalid character.
server/storage-memory.ts(225,26): error TS1127: Invalid character.
server/storage-memory.ts(225,27): error TS1127: Invalid character.
server/storage-memory.ts(225,28): error TS1127: Invalid character.
server/storage-memory.ts(225,29): error TS1127: Invalid character.
server/storage-memory.ts(225,30): error TS1127: Invalid character.
server/storage-memory.ts(225,31): error TS1127: Invalid character.
server/storage-memory.ts(225,32): error TS1127: Invalid character.
server/storage-memory.ts(225,33): error TS1127: Invalid character.
server/storage-memory.ts(225,34): error TS1127: Invalid character.
server/storage-memory.ts(225,35): error TS1127: Invalid character.
server/storage-memory.ts(225,36): error TS1127: Invalid character.
server/storage-memory.ts(225,37): error TS1127: Invalid character.
server/storage-memory.ts(225,38): error TS1127: Invalid character.
server/storage-memory.ts(225,39): error TS1127: Invalid character.
server/storage-memory.ts(225,40): error TS1127: Invalid character.
server/storage-memory.ts(225,41): error TS1127: Invalid character.
server/storage-memory.ts(225,42): error TS1127: Invalid character.
server/storage-memory.ts(225,43): error TS1127: Invalid character.
server/storage-memory.ts(225,44): error TS1127: Invalid character.
server/storage-memory.ts(225,45): error TS1127: Invalid character.
server/storage-memory.ts(225,46): error TS1127: Invalid character.
server/storage-memory.ts(225,47): error TS1127: Invalid character.
server/storage-memory.ts(225,48): error TS1127: Invalid character.
server/storage-memory.ts(225,49): error TS1127: Invalid character.
server/storage-memory.ts(225,50): error TS1127: Invalid character.
server/storage-memory.ts(225,51): error TS1127: Invalid character.
server/storage-memory.ts(225,52): error TS1127: Invalid character.
server/storage-memory.ts(225,53): error TS1127: Invalid character.
server/storage-memory.ts(225,54): error TS1127: Invalid character.
server/storage-memory.ts(225,55): error TS1127: Invalid character.
server/storage-memory.ts(225,56): error TS1127: Invalid character.
server/storage-memory.ts(225,57): error TS1127: Invalid character.
server/storage-memory.ts(225,58): error TS1127: Invalid character.
server/storage-memory.ts(225,59): error TS1127: Invalid character.
server/storage-memory.ts(225,60): error TS1127: Invalid character.
server/storage-memory.ts(225,61): error TS1127: Invalid character.
server/storage-memory.ts(225,62): error TS1127: Invalid character.
server/storage-memory.ts(225,63): error TS1127: Invalid character.
server/storage-memory.ts(225,64): error TS1127: Invalid character.
server/storage-memory.ts(225,65): error TS1127: Invalid character.
server/storage-memory.ts(225,66): error TS1127: Invalid character.
server/storage-memory.ts(225,67): error TS1127: Invalid character.
server/storage-memory.ts(225,68): error TS1127: Invalid character.
server/storage-memory.ts(225,69): error TS1127: Invalid character.
server/storage-memory.ts(225,70): error TS1127: Invalid character.
server/storage-memory.ts(225,71): error TS1127: Invalid character.
server/storage-memory.ts(225,72): error TS1127: Invalid character.
server/storage-memory.ts(225,73): error TS1127: Invalid character.
server/storage-memory.ts(225,74): error TS1127: Invalid character.
server/storage-memory.ts(225,75): error TS1127: Invalid character.
server/storage-memory.ts(225,76): error TS1127: Invalid character.
server/storage-memory.ts(225,77): error TS1127: Invalid character.
server/storage-memory.ts(225,78): error TS1127: Invalid character.
server/storage-memory.ts(225,79): error TS1127: Invalid character.
server/storage-memory.ts(225,80): error TS1127: Invalid character.
server/storage-memory.ts(230,1): error TS1127: Invalid character.
server/storage-memory.ts(230,3): error TS1127: Invalid character.
server/storage-memory.ts(230,4): error TS1127: Invalid character.
server/storage-memory.ts(230,6): error TS1434: Unexpected keyword or identifier.
server/storage-memory.ts(230,19): error TS1127: Invalid character.
server/storage-memory.ts(230,20): error TS1127: Invalid character.
server/storage-memory.ts(230,21): error TS1127: Invalid character.
server/storage-memory.ts(230,22): error TS1127: Invalid character.
server/storage-memory.ts(230,23): error TS1127: Invalid character.
server/storage-memory.ts(230,24): error TS1127: Invalid character.
server/storage-memory.ts(230,25): error TS1127: Invalid character.
server/storage-memory.ts(230,26): error TS1127: Invalid character.
server/storage-memory.ts(230,27): error TS1127: Invalid character.
server/storage-memory.ts(230,28): error TS1127: Invalid character.
server/storage-memory.ts(230,29): error TS1127: Invalid character.
server/storage-memory.ts(230,30): error TS1127: Invalid character.
server/storage-memory.ts(230,31): error TS1127: Invalid character.
server/storage-memory.ts(230,32): error TS1127: Invalid character.
server/storage-memory.ts(230,33): error TS1127: Invalid character.
server/storage-memory.ts(230,34): error TS1127: Invalid character.
server/storage-memory.ts(230,35): error TS1127: Invalid character.
server/storage-memory.ts(230,36): error TS1127: Invalid character.
server/storage-memory.ts(230,37): error TS1127: Invalid character.
server/storage-memory.ts(230,38): error TS1127: Invalid character.
server/storage-memory.ts(230,39): error TS1127: Invalid character.
server/storage-memory.ts(230,40): error TS1127: Invalid character.
server/storage-memory.ts(230,41): error TS1127: Invalid character.
server/storage-memory.ts(230,42): error TS1127: Invalid character.
server/storage-memory.ts(230,43): error TS1127: Invalid character.
server/storage-memory.ts(230,44): error TS1127: Invalid character.
server/storage-memory.ts(230,45): error TS1127: Invalid character.
server/storage-memory.ts(230,46): error TS1127: Invalid character.
server/storage-memory.ts(230,47): error TS1127: Invalid character.
server/storage-memory.ts(230,48): error TS1127: Invalid character.
server/storage-memory.ts(230,49): error TS1127: Invalid character.
server/storage-memory.ts(230,50): error TS1127: Invalid character.
server/storage-memory.ts(230,51): error TS1127: Invalid character.
server/storage-memory.ts(230,52): error TS1127: Invalid character.
server/storage-memory.ts(230,53): error TS1127: Invalid character.
server/storage-memory.ts(230,54): error TS1127: Invalid character.
server/storage-memory.ts(230,55): error TS1127: Invalid character.
server/storage-memory.ts(230,56): error TS1127: Invalid character.
server/storage-memory.ts(230,57): error TS1127: Invalid character.
server/storage-memory.ts(230,58): error TS1127: Invalid character.
server/storage-memory.ts(230,59): error TS1127: Invalid character.
server/storage-memory.ts(230,60): error TS1127: Invalid character.
server/storage-memory.ts(230,61): error TS1127: Invalid character.
server/storage-memory.ts(230,62): error TS1127: Invalid character.
server/storage-memory.ts(230,63): error TS1127: Invalid character.
server/storage-memory.ts(230,64): error TS1127: Invalid character.
server/storage-memory.ts(230,65): error TS1127: Invalid character.
server/storage-memory.ts(230,66): error TS1127: Invalid character.
server/storage-memory.ts(230,67): error TS1127: Invalid character.
server/storage-memory.ts(230,68): error TS1127: Invalid character.
server/storage-memory.ts(230,69): error TS1127: Invalid character.
server/storage-memory.ts(230,70): error TS1127: Invalid character.
server/storage-memory.ts(230,71): error TS1127: Invalid character.
server/storage-memory.ts(230,72): error TS1127: Invalid character.
server/storage-memory.ts(230,73): error TS1127: Invalid character.
server/storage-memory.ts(230,74): error TS1127: Invalid character.
server/storage-memory.ts(230,75): error TS1127: Invalid character.
server/storage-memory.ts(230,76): error TS1127: Invalid character.
server/storage-memory.ts(230,77): error TS1127: Invalid character.
server/storage-memory.ts(230,78): error TS1127: Invalid character.
server/storage-memory.ts(230,79): error TS1127: Invalid character.
server/storage-memory.ts(230,80): error TS1127: Invalid character.
server/storage-memory.ts(232,18): error TS1005: ',' expected.
server/storage-memory.ts(236,1): error TS1127: Invalid character.
server/storage-memory.ts(236,3): error TS1127: Invalid character.
server/storage-memory.ts(236,4): error TS1127: Invalid character.
server/storage-memory.ts(236,6): error TS1434: Unexpected keyword or identifier.
server/storage-memory.ts(236,19): error TS1127: Invalid character.
server/storage-memory.ts(236,20): error TS1127: Invalid character.
server/storage-memory.ts(236,21): error TS1127: Invalid character.
server/storage-memory.ts(236,22): error TS1127: Invalid character.
server/storage-memory.ts(236,23): error TS1127: Invalid character.
server/storage-memory.ts(236,24): error TS1127: Invalid character.
server/storage-memory.ts(236,25): error TS1127: Invalid character.
server/storage-memory.ts(236,26): error TS1127: Invalid character.
server/storage-memory.ts(236,27): error TS1127: Invalid character.
server/storage-memory.ts(236,28): error TS1127: Invalid character.
server/storage-memory.ts(236,29): error TS1127: Invalid character.
server/storage-memory.ts(236,30): error TS1127: Invalid character.
server/storage-memory.ts(236,31): error TS1127: Invalid character.
server/storage-memory.ts(236,32): error TS1127: Invalid character.
server/storage-memory.ts(236,33): error TS1127: Invalid character.
server/storage-memory.ts(236,34): error TS1127: Invalid character.
server/storage-memory.ts(236,35): error TS1127: Invalid character.
server/storage-memory.ts(236,36): error TS1127: Invalid character.
server/storage-memory.ts(236,37): error TS1127: Invalid character.
server/storage-memory.ts(236,38): error TS1127: Invalid character.
server/storage-memory.ts(236,39): error TS1127: Invalid character.
server/storage-memory.ts(236,40): error TS1127: Invalid character.
server/storage-memory.ts(236,41): error TS1127: Invalid character.
server/storage-memory.ts(236,42): error TS1127: Invalid character.
server/storage-memory.ts(236,43): error TS1127: Invalid character.
server/storage-memory.ts(236,44): error TS1127: Invalid character.
server/storage-memory.ts(236,45): error TS1127: Invalid character.
server/storage-memory.ts(236,46): error TS1127: Invalid character.
server/storage-memory.ts(236,47): error TS1127: Invalid character.
server/storage-memory.ts(236,48): error TS1127: Invalid character.
server/storage-memory.ts(236,49): error TS1127: Invalid character.
server/storage-memory.ts(236,50): error TS1127: Invalid character.
server/storage-memory.ts(236,51): error TS1127: Invalid character.
server/storage-memory.ts(236,52): error TS1127: Invalid character.
server/storage-memory.ts(236,53): error TS1127: Invalid character.
server/storage-memory.ts(236,54): error TS1127: Invalid character.
server/storage-memory.ts(236,55): error TS1127: Invalid character.
server/storage-memory.ts(236,56): error TS1127: Invalid character.
server/storage-memory.ts(236,57): error TS1127: Invalid character.
server/storage-memory.ts(236,58): error TS1127: Invalid character.
server/storage-memory.ts(236,59): error TS1127: Invalid character.
server/storage-memory.ts(236,60): error TS1127: Invalid character.
server/storage-memory.ts(236,61): error TS1127: Invalid character.
server/storage-memory.ts(236,62): error TS1127: Invalid character.
server/storage-memory.ts(236,63): error TS1127: Invalid character.
server/storage-memory.ts(236,64): error TS1127: Invalid character.
server/storage-memory.ts(236,65): error TS1127: Invalid character.
server/storage-memory.ts(236,66): error TS1127: Invalid character.
server/storage-memory.ts(236,67): error TS1127: Invalid character.
server/storage-memory.ts(236,68): error TS1127: Invalid character.
server/storage-memory.ts(236,69): error TS1127: Invalid character.
server/storage-memory.ts(236,70): error TS1127: Invalid character.
server/storage-memory.ts(236,71): error TS1127: Invalid character.
server/storage-memory.ts(236,72): error TS1127: Invalid character.
server/storage-memory.ts(236,73): error TS1127: Invalid character.
server/storage-memory.ts(236,74): error TS1127: Invalid character.
server/storage-memory.ts(236,75): error TS1127: Invalid character.
server/storage-memory.ts(236,76): error TS1127: Invalid character.
server/storage-memory.ts(236,77): error TS1127: Invalid character.
server/storage-memory.ts(236,78): error TS1127: Invalid character.
server/storage-memory.ts(236,79): error TS1127: Invalid character.
server/storage-memory.ts(236,80): error TS1127: Invalid character.
server/storage-memory.ts(245,6): error TS1146: Declaration expected.
server/storage-memory.ts(245,7): error TS1434: Unexpected keyword or identifier.
server/storage-memory.ts(245,23): error TS1005: ',' expected.
server/storage-memory.ts(245,33): error TS1005: ';' expected.
server/storage-memory.ts(246,12): error TS1005: ';' expected.
server/storage-memory.ts(247,15): error TS1005: ',' expected.
server/storage-memory.ts(249,15): error TS1005: ',' expected.
server/storage-memory.ts(250,15): error TS1005: ',' expected.
server/storage-memory.ts(251,15): error TS1005: ',' expected.
server/storage-memory.ts(255,1): error TS1127: Invalid character.
server/storage-memory.ts(255,3): error TS1127: Invalid character.
server/storage-memory.ts(255,4): error TS1127: Invalid character.
server/storage-memory.ts(255,6): error TS1434: Unexpected keyword or identifier.
server/storage-memory.ts(255,18): error TS1127: Invalid character.
server/storage-memory.ts(255,19): error TS1127: Invalid character.
server/storage-memory.ts(255,20): error TS1127: Invalid character.
server/storage-memory.ts(255,21): error TS1127: Invalid character.
server/storage-memory.ts(255,22): error TS1127: Invalid character.
server/storage-memory.ts(255,23): error TS1127: Invalid character.
server/storage-memory.ts(255,24): error TS1127: Invalid character.
server/storage-memory.ts(255,25): error TS1127: Invalid character.
server/storage-memory.ts(255,26): error TS1127: Invalid character.
server/storage-memory.ts(255,27): error TS1127: Invalid character.
server/storage-memory.ts(255,28): error TS1127: Invalid character.
server/storage-memory.ts(255,29): error TS1127: Invalid character.
server/storage-memory.ts(255,30): error TS1127: Invalid character.
server/storage-memory.ts(255,31): error TS1127: Invalid character.
server/storage-memory.ts(255,32): error TS1127: Invalid character.
server/storage-memory.ts(255,33): error TS1127: Invalid character.
server/storage-memory.ts(255,34): error TS1127: Invalid character.
server/storage-memory.ts(255,35): error TS1127: Invalid character.
server/storage-memory.ts(255,36): error TS1127: Invalid character.
server/storage-memory.ts(255,37): error TS1127: Invalid character.
server/storage-memory.ts(255,38): error TS1127: Invalid character.
server/storage-memory.ts(255,39): error TS1127: Invalid character.
server/storage-memory.ts(255,40): error TS1127: Invalid character.
server/storage-memory.ts(255,41): error TS1127: Invalid character.
server/storage-memory.ts(255,42): error TS1127: Invalid character.
server/storage-memory.ts(255,43): error TS1127: Invalid character.
server/storage-memory.ts(255,44): error TS1127: Invalid character.
server/storage-memory.ts(255,45): error TS1127: Invalid character.
server/storage-memory.ts(255,46): error TS1127: Invalid character.
server/storage-memory.ts(255,47): error TS1127: Invalid character.
server/storage-memory.ts(255,48): error TS1127: Invalid character.
server/storage-memory.ts(255,49): error TS1127: Invalid character.
server/storage-memory.ts(255,50): error TS1127: Invalid character.
server/storage-memory.ts(255,51): error TS1127: Invalid character.
server/storage-memory.ts(255,52): error TS1127: Invalid character.
server/storage-memory.ts(255,53): error TS1127: Invalid character.
server/storage-memory.ts(255,54): error TS1127: Invalid character.
server/storage-memory.ts(255,55): error TS1127: Invalid character.
server/storage-memory.ts(255,56): error TS1127: Invalid character.
server/storage-memory.ts(255,57): error TS1127: Invalid character.
server/storage-memory.ts(255,58): error TS1127: Invalid character.
server/storage-memory.ts(255,59): error TS1127: Invalid character.
server/storage-memory.ts(255,60): error TS1127: Invalid character.
server/storage-memory.ts(255,61): error TS1127: Invalid character.
server/storage-memory.ts(255,62): error TS1127: Invalid character.
server/storage-memory.ts(255,63): error TS1127: Invalid character.
server/storage-memory.ts(255,64): error TS1127: Invalid character.
server/storage-memory.ts(255,65): error TS1127: Invalid character.
server/storage-memory.ts(255,66): error TS1127: Invalid character.
server/storage-memory.ts(255,67): error TS1127: Invalid character.
server/storage-memory.ts(255,68): error TS1127: Invalid character.
server/storage-memory.ts(255,69): error TS1127: Invalid character.
server/storage-memory.ts(255,70): error TS1127: Invalid character.
server/storage-memory.ts(255,71): error TS1127: Invalid character.
server/storage-memory.ts(255,72): error TS1127: Invalid character.
server/storage-memory.ts(255,73): error TS1127: Invalid character.
server/storage-memory.ts(255,74): error TS1127: Invalid character.
server/storage-memory.ts(255,75): error TS1127: Invalid character.
server/storage-memory.ts(255,76): error TS1127: Invalid character.
server/storage-memory.ts(255,77): error TS1127: Invalid character.
server/storage-memory.ts(255,78): error TS1127: Invalid character.
server/storage-memory.ts(255,79): error TS1127: Invalid character.
server/storage-memory.ts(255,80): error TS1127: Invalid character.
server/storage-memory.ts(263,23): error TS1005: '{' expected.
server/storage-memory.ts(263,34): error TS1005: ';' expected.
server/storage-memory.ts(266,24): error TS1005: '{' expected.
server/storage-memory.ts(266,35): error TS1005: ';' expected.
server/storage-memory.ts(273,6): error TS1146: Declaration expected.
server/storage-memory.ts(273,7): error TS1434: Unexpected keyword or identifier.
server/storage-memory.ts(273,19): error TS1005: ';' expected.
server/storage-memory.ts(277,6): error TS1146: Declaration expected.
server/storage-memory.ts(277,7): error TS1434: Unexpected keyword or identifier.
server/storage-memory.ts(277,18): error TS1005: ';' expected.
server/storage-memory.ts(278,8): error TS1005: '(' expected.
server/storage-memory.ts(278,16): error TS1005: ')' expected.
server/storage-memory.ts(279,9): error TS1434: Unexpected keyword or identifier.
server/storage-memory.ts(283,6): error TS1146: Declaration expected.
server/storage-memory.ts(283,7): error TS1434: Unexpected keyword or identifier.
server/storage-memory.ts(283,20): error TS1005: ';' expected.
server/storage-memory.ts(287,6): error TS1146: Declaration expected.
server/storage-memory.ts(287,7): error TS1434: Unexpected keyword or identifier.
server/storage-memory.ts(287,22): error TS1005: ',' expected.
server/storage-memory.ts(287,41): error TS1005: ';' expected.
server/storage-memory.ts(288,8): error TS1005: '(' expected.
server/storage-memory.ts(288,16): error TS1005: ')' expected.
server/storage-memory.ts(289,9): error TS1434: Unexpected keyword or identifier.
server/storage-memory.ts(290,8): error TS1005: '{' expected.
server/storage-memory.ts(293,44): error TS1005: ',' expected.
server/storage-memory.ts(293,54): error TS1005: ';' expected.
server/storage-memory.ts(295,44): error TS1005: ',' expected.
server/storage-memory.ts(295,49): error TS1005: ',' expected.
server/storage-memory.ts(299,19): error TS1005: ',' expected.
server/storage-memory.ts(302,5): error TS1434: Unexpected keyword or identifier.
server/storage-memory.ts(302,28): error TS1005: ';' expected.
server/storage-memory.ts(304,9): error TS1434: Unexpected keyword or identifier.
server/storage-memory.ts(304,35): error TS1005: ',' expected.
server/storage-memory.ts(304,61): error TS1005: ';' expected.
server/storage-memory.ts(307,6): error TS1146: Declaration expected.
server/storage-memory.ts(307,7): error TS1434: Unexpected keyword or identifier.
server/storage-memory.ts(307,25): error TS1005: ',' expected.
server/storage-memory.ts(307,36): error TS1005: ';' expected.
server/storage-memory.ts(308,7): error TS1005: ';' expected.
server/storage-memory.ts(308,53): error TS1005: ';' expected.
server/storage-memory.ts(309,8): error TS1005: '(' expected.
server/storage-memory.ts(309,16): error TS1005: ')' expected.
server/storage-memory.ts(310,9): error TS1434: Unexpected keyword or identifier.
server/storage-memory.ts(312,16): error TS1005: ',' expected.
server/storage-memory.ts(312,19): error TS1005: '(' expected.
server/storage-memory.ts(312,38): error TS1005: ')' expected.
server/storage-memory.ts(312,45): error TS1005: ';' expected.
server/storage-memory.ts(312,49): error TS1005: '(' expected.
server/storage-memory.ts(312,63): error TS1005: ')' expected.
server/storage-memory.ts(313,29): error TS1109: Expression expected.
server/storage-memory.ts(313,45): error TS1005: ',' expected.
server/storage-memory.ts(314,9): error TS1005: '(' expected.
server/storage-memory.ts(314,22): error TS1005: ')' expected.
server/storage-memory.ts(314,46): error TS1005: ',' expected.
server/storage-memory.ts(314,51): error TS1005: ',' expected.
server/storage-memory.ts(314,63): error TS1127: Invalid character.
server/storage-memory.ts(314,65): error TS1005: ';' expected.
server/storage-memory.ts(316,9): error TS1005: '(' expected.
server/storage-memory.ts(316,25): error TS1005: ')' expected.
server/storage-memory.ts(318,31): error TS1005: ',' expected.
server/storage-memory.ts(318,36): error TS1005: ',' expected.
server/storage-memory.ts(330,4): error TS1005: '(' expected.
server/storage-memory.ts(330,26): error TS1005: ')' expected.
server/storage-memory.ts(332,5): error TS1005: '=' expected.
server/storage-memory.ts(332,16): error TS1005: ';' expected.
server/storage-memory.ts(333,1): error TS1443: Module declaration names may only use ' or " quoted strings.
server/storage-memory.ts(339,25): error TS1127: Invalid character.
server/storage-memory.ts(339,27): error TS1127: Invalid character.
server/storage-memory.ts(339,28): error TS1127: Invalid character.
server/storage-memory.ts(339,29): error TS1127: Invalid character.
server/storage-memory.ts(339,30): error TS1127: Invalid character.
server/storage-memory.ts(339,31): error TS1127: Invalid character.
server/storage-memory.ts(339,32): error TS1127: Invalid character.
server/storage-memory.ts(339,33): error TS1127: Invalid character.
server/storage-memory.ts(339,34): error TS1127: Invalid character.
server/storage-memory.ts(339,35): error TS1127: Invalid character.
server/storage-memory.ts(339,36): error TS1127: Invalid character.
server/storage-memory.ts(339,37): error TS1127: Invalid character.
server/storage-memory.ts(339,38): error TS1127: Invalid character.
server/storage-memory.ts(339,39): error TS1127: Invalid character.
server/storage-memory.ts(339,40): error TS1127: Invalid character.
server/storage-memory.ts(339,41): error TS1127: Invalid character.
server/storage-memory.ts(339,42): error TS1127: Invalid character.
server/storage-memory.ts(339,43): error TS1127: Invalid character.
server/storage-memory.ts(339,44): error TS1127: Invalid character.
server/storage-memory.ts(339,45): error TS1127: Invalid character.
server/storage-memory.ts(339,46): error TS1127: Invalid character.
server/storage-memory.ts(339,47): error TS1127: Invalid character.
server/storage-memory.ts(339,48): error TS1127: Invalid character.
server/storage-memory.ts(339,49): error TS1127: Invalid character.
server/storage-memory.ts(339,50): error TS1127: Invalid character.
server/storage-memory.ts(339,51): error TS1127: Invalid character.
server/storage-memory.ts(339,52): error TS1127: Invalid character.
server/storage-memory.ts(339,53): error TS1127: Invalid character.
server/storage-memory.ts(339,54): error TS1127: Invalid character.
server/storage-memory.ts(339,55): error TS1127: Invalid character.
server/storage-memory.ts(339,56): error TS1127: Invalid character.
server/storage-memory.ts(339,57): error TS1127: Invalid character.
server/storage-memory.ts(339,58): error TS1127: Invalid character.
server/storage-memory.ts(339,59): error TS1127: Invalid character.
server/storage-memory.ts(339,60): error TS1127: Invalid character.
server/storage-memory.ts(339,61): error TS1127: Invalid character.
server/storage-memory.ts(339,62): error TS1127: Invalid character.
server/storage-memory.ts(339,63): error TS1127: Invalid character.
server/storage-memory.ts(339,64): error TS1127: Invalid character.
server/storage-memory.ts(339,65): error TS1127: Invalid character.
server/storage-memory.ts(339,66): error TS1127: Invalid character.
server/storage-memory.ts(339,67): error TS1127: Invalid character.
server/storage-memory.ts(339,68): error TS1127: Invalid character.
server/storage-memory.ts(339,69): error TS1127: Invalid character.
server/storage-memory.ts(339,70): error TS1127: Invalid character.
server/storage-memory.ts(339,71): error TS1127: Invalid character.
server/storage-memory.ts(339,72): error TS1127: Invalid character.
server/storage-memory.ts(339,73): error TS1127: Invalid character.
server/storage-memory.ts(339,74): error TS1127: Invalid character.
server/storage-memory.ts(339,75): error TS1127: Invalid character.
server/storage-memory.ts(339,76): error TS1127: Invalid character.
server/storage-memory.ts(339,77): error TS1127: Invalid character.
server/storage-memory.ts(339,78): error TS1127: Invalid character.
server/storage-memory.ts(339,79): error TS1127: Invalid character.
server/storage-memory.ts(339,80): error TS1127: Invalid character.
server/storage-memory.ts(339,81): error TS1127: Invalid character.
server/storage-memory.ts(339,82): error TS1127: Invalid character.
server/storage-memory.ts(339,83): error TS1127: Invalid character.
server/storage-memory.ts(339,84): error TS1127: Invalid character.
server/storage-memory.ts(339,85): error TS1127: Invalid character.
server/storage-memory.ts(340,1): error TS1127: Invalid character.
server/storage-memory.ts(340,3): error TS1005: ';' expected.
server/storage-memory.ts(340,10): error TS1434: Unexpected keyword or identifier.
server/storage-memory.ts(340,28): error TS1127: Invalid character.
server/storage-memory.ts(340,31): error TS1434: Unexpected keyword or identifier.
server/storage-memory.ts(341,1): error TS1127: Invalid character.
server/storage-memory.ts(341,3): error TS1005: ';' expected.
server/storage-memory.ts(341,13): error TS1434: Unexpected keyword or identifier.
server/storage-memory.ts(341,29): error TS1005: ')' expected.
server/storage-memory.ts(341,36): error TS1128: Declaration or statement expected.
server/storage-memory.ts(342,1): error TS1127: Invalid character.
server/storage-memory.ts(342,3): error TS1005: ';' expected.
server/storage-memory.ts(342,13): error TS1434: Unexpected keyword or identifier.
server/storage-memory.ts(343,1): error TS1127: Invalid character.
server/storage-memory.ts(343,3): error TS1005: ';' expected.
server/storage-memory.ts(343,13): error TS1434: Unexpected keyword or identifier.
server/storage-memory.ts(343,30): error TS1127: Invalid character.
server/storage-memory.ts(343,32): error TS1434: Unexpected keyword or identifier.
server/storage-memory.ts(344,1): error TS1127: Invalid character.
server/storage-memory.ts(344,3): error TS1127: Invalid character.
server/storage-memory.ts(344,4): error TS1127: Invalid character.
server/storage-memory.ts(344,5): error TS1127: Invalid character.
server/storage-memory.ts(344,6): error TS1127: Invalid character.
server/storage-memory.ts(344,7): error TS1127: Invalid character.
server/storage-memory.ts(344,8): error TS1127: Invalid character.
server/storage-memory.ts(344,9): error TS1127: Invalid character.
server/storage-memory.ts(344,10): error TS1127: Invalid character.
server/storage-memory.ts(344,11): error TS1127: Invalid character.
server/storage-memory.ts(344,12): error TS1127: Invalid character.
server/storage-memory.ts(344,13): error TS1127: Invalid character.
server/storage-memory.ts(344,14): error TS1127: Invalid character.
server/storage-memory.ts(344,15): error TS1127: Invalid character.
server/storage-memory.ts(344,16): error TS1127: Invalid character.
server/storage-memory.ts(344,17): error TS1127: Invalid character.
server/storage-memory.ts(344,18): error TS1127: Invalid character.
server/storage-memory.ts(344,19): error TS1127: Invalid character.
server/storage-memory.ts(344,20): error TS1127: Invalid character.
server/storage-memory.ts(344,21): error TS1127: Invalid character.
server/storage-memory.ts(344,22): error TS1127: Invalid character.
server/storage-memory.ts(344,23): error TS1127: Invalid character.
server/storage-memory.ts(344,24): error TS1127: Invalid character.
server/storage-memory.ts(344,25): error TS1127: Invalid character.
server/storage-memory.ts(344,26): error TS1127: Invalid character.
server/storage-memory.ts(344,27): error TS1127: Invalid character.
server/storage-memory.ts(344,28): error TS1127: Invalid character.
server/storage-memory.ts(344,29): error TS1127: Invalid character.
server/storage-memory.ts(344,30): error TS1127: Invalid character.
server/storage-memory.ts(344,31): error TS1127: Invalid character.
server/storage-memory.ts(344,32): error TS1127: Invalid character.
server/storage-memory.ts(344,33): error TS1127: Invalid character.
server/storage-memory.ts(344,34): error TS1127: Invalid character.
server/storage-memory.ts(344,35): error TS1127: Invalid character.
server/storage-memory.ts(344,36): error TS1127: Invalid character.
server/storage-memory.ts(344,37): error TS1127: Invalid character.
server/storage-memory.ts(344,38): error TS1127: Invalid character.
server/storage-memory.ts(344,39): error TS1127: Invalid character.
server/storage-memory.ts(344,40): error TS1127: Invalid character.
server/storage-memory.ts(344,41): error TS1127: Invalid character.
server/storage-memory.ts(344,42): error TS1127: Invalid character.
server/storage-memory.ts(344,43): error TS1127: Invalid character.
server/storage-memory.ts(344,44): error TS1127: Invalid character.
server/storage-memory.ts(344,45): error TS1127: Invalid character.
server/storage-memory.ts(344,46): error TS1127: Invalid character.
server/storage-memory.ts(344,47): error TS1127: Invalid character.
server/storage-memory.ts(344,48): error TS1127: Invalid character.
server/storage-memory.ts(344,49): error TS1127: Invalid character.
server/storage-memory.ts(344,50): error TS1127: Invalid character.
server/storage-memory.ts(344,51): error TS1127: Invalid character.
server/storage-memory.ts(344,52): error TS1127: Invalid character.
server/storage-memory.ts(344,53): error TS1127: Invalid character.
server/storage-memory.ts(344,54): error TS1127: Invalid character.
server/storage-memory.ts(344,55): error TS1127: Invalid character.
server/storage-memory.ts(344,56): error TS1127: Invalid character.
server/storage-memory.ts(344,57): error TS1127: Invalid character.
server/storage-memory.ts(344,58): error TS1127: Invalid character.
server/storage-memory.ts(344,59): error TS1127: Invalid character.
server/storage-memory.ts(344,60): error TS1127: Invalid character.
server/storage-memory.ts(344,61): error TS1127: Invalid character.
server/storage-memory.ts(353,5): error TS1005: ',' expected.
server/storage-memory.ts(354,5): error TS1005: ',' expected.
server/storage-memory.ts(354,20): error TS1127: Invalid character.
server/storage-memory.ts(354,22): error TS1005: ':' expected.
server/storage-memory.ts(354,30): error TS1005: ',' expected.
server/storage-memory.ts(354,35): error TS1005: ':' expected.
server/storage-memory.ts(354,42): error TS1005: ',' expected.
server/storage-memory.ts(354,48): error TS1005: ',' expected.
server/storage-memory.ts(354,55): error TS1005: ',' expected.
server/storage-memory.ts(354,59): error TS1003: Identifier expected.
server/storage-memory.ts(361,5): error TS1005: ',' expected.
server/storage-memory.ts(362,5): error TS1005: ',' expected.
server/storage-memory.ts(369,5): error TS1005: ',' expected.
server/storage-memory.ts(369,12): error TS1005: ',' expected.
server/storage-memory.ts(371,1): error TS1068: Unexpected token. A constructor, method, accessor, or property was expected.
server/storage-memory.ts(373,1): error TS1434: Unexpected keyword or identifier.
server/storage-memory.ts(373,18): error TS1068: Unexpected token. A constructor, method, accessor, or property was expected.
server/storage-memory.ts(379,1): error TS1434: Unexpected keyword or identifier.
server/storage-memory.ts(379,16): error TS1434: Unexpected keyword or identifier.
server/storage-memory.ts(381,1): error TS1434: Unexpected keyword or identifier.
server/storage-memory.ts(389,5): error TS1005: ',' expected.
server/storage-memory.ts(390,5): error TS1005: ',' expected.
server/storage-memory.ts(390,12): error TS1005: ',' expected.
server/storage-memory.ts(390,28): error TS1005: ';' expected.
server/storage-memory.ts(390,48): error TS1434: Unexpected keyword or identifier.
server/storage-memory.ts(390,70): error TS1005: ';' expected.
server/storage-memory.ts(391,3): error TS1128: Declaration or statement expected.
server/storage-memory.ts(392,1): error TS1128: Declaration or statement expected.
server/storage-memory.ts(395,25): error TS1127: Invalid character.
server/storage-memory.ts(395,27): error TS1127: Invalid character.
server/storage-memory.ts(395,28): error TS1127: Invalid character.
server/storage-memory.ts(395,29): error TS1127: Invalid character.
server/storage-memory.ts(395,30): error TS1127: Invalid character.
server/storage-memory.ts(395,31): error TS1127: Invalid character.
server/storage-memory.ts(395,32): error TS1127: Invalid character.
server/storage-memory.ts(395,33): error TS1127: Invalid character.
server/storage-memory.ts(395,34): error TS1127: Invalid character.
server/storage-memory.ts(395,35): error TS1127: Invalid character.
server/storage-memory.ts(395,36): error TS1127: Invalid character.
server/storage-memory.ts(395,37): error TS1127: Invalid character.
server/storage-memory.ts(395,38): error TS1127: Invalid character.
server/storage-memory.ts(395,39): error TS1127: Invalid character.
server/storage-memory.ts(395,40): error TS1127: Invalid character.
server/storage-memory.ts(395,41): error TS1127: Invalid character.
server/storage-memory.ts(395,42): error TS1127: Invalid character.
server/storage-memory.ts(395,43): error TS1127: Invalid character.
server/storage-memory.ts(395,44): error TS1127: Invalid character.
server/storage-memory.ts(395,45): error TS1127: Invalid character.
server/storage-memory.ts(395,46): error TS1127: Invalid character.
server/storage-memory.ts(395,47): error TS1127: Invalid character.
server/storage-memory.ts(395,48): error TS1127: Invalid character.
server/storage-memory.ts(395,49): error TS1127: Invalid character.
server/storage-memory.ts(395,50): error TS1127: Invalid character.
server/storage-memory.ts(395,51): error TS1127: Invalid character.
server/storage-memory.ts(395,52): error TS1127: Invalid character.
server/storage-memory.ts(395,53): error TS1127: Invalid character.
server/storage-memory.ts(395,54): error TS1127: Invalid character.
server/storage-memory.ts(395,55): error TS1127: Invalid character.
server/storage-memory.ts(395,56): error TS1127: Invalid character.
server/storage-memory.ts(395,57): error TS1127: Invalid character.
server/storage-memory.ts(395,58): error TS1127: Invalid character.
server/storage-memory.ts(395,59): error TS1127: Invalid character.
server/storage-memory.ts(395,60): error TS1127: Invalid character.
server/storage-memory.ts(395,61): error TS1127: Invalid character.
server/storage-memory.ts(395,62): error TS1127: Invalid character.
server/storage-memory.ts(395,63): error TS1127: Invalid character.
server/storage-memory.ts(395,64): error TS1127: Invalid character.
server/storage-memory.ts(395,65): error TS1127: Invalid character.
server/storage-memory.ts(395,66): error TS1127: Invalid character.
server/storage-memory.ts(395,67): error TS1127: Invalid character.
server/storage-memory.ts(395,68): error TS1127: Invalid character.
server/storage-memory.ts(395,69): error TS1127: Invalid character.
server/storage-memory.ts(395,70): error TS1127: Invalid character.
server/storage-memory.ts(395,71): error TS1127: Invalid character.
server/storage-memory.ts(395,72): error TS1127: Invalid character.
server/storage-memory.ts(395,73): error TS1127: Invalid character.
server/storage-memory.ts(395,74): error TS1127: Invalid character.
server/storage-memory.ts(395,75): error TS1127: Invalid character.
server/storage-memory.ts(395,76): error TS1127: Invalid character.
server/storage-memory.ts(395,77): error TS1127: Invalid character.
server/storage-memory.ts(395,78): error TS1127: Invalid character.
server/storage-memory.ts(395,79): error TS1127: Invalid character.
server/storage-memory.ts(395,80): error TS1127: Invalid character.
server/storage-memory.ts(395,81): error TS1127: Invalid character.
server/storage-memory.ts(395,82): error TS1127: Invalid character.
server/storage-memory.ts(396,1): error TS1127: Invalid character.
server/storage-memory.ts(396,3): error TS1005: ';' expected.
server/storage-memory.ts(396,15): error TS1127: Invalid character.
server/storage-memory.ts(396,18): error TS1434: Unexpected keyword or identifier.
server/storage-memory.ts(397,1): error TS1127: Invalid character.
server/storage-memory.ts(397,3): error TS1005: ';' expected.
server/storage-memory.ts(397,13): error TS1434: Unexpected keyword or identifier.
server/storage-memory.ts(397,29): error TS1127: Invalid character.
server/storage-memory.ts(397,31): error TS1434: Unexpected keyword or identifier.
server/storage-memory.ts(398,1): error TS1127: Invalid character.
server/storage-memory.ts(398,3): error TS1005: ';' expected.
server/storage-memory.ts(398,13): error TS1434: Unexpected keyword or identifier.
server/storage-memory.ts(398,22): error TS1109: Expression expected.
server/storage-memory.ts(398,25): error TS1005: ';' expected.
server/storage-memory.ts(399,1): error TS1127: Invalid character.
server/storage-memory.ts(399,3): error TS1005: ';' expected.
server/storage-memory.ts(399,13): error TS1434: Unexpected keyword or identifier.
server/storage-memory.ts(399,30): error TS1127: Invalid character.
server/storage-memory.ts(399,32): error TS1434: Unexpected keyword or identifier.
server/storage-memory.ts(399,49): error TS1127: Invalid character.
server/storage-memory.ts(399,52): error TS1434: Unexpected keyword or identifier.
server/storage-memory.ts(399,62): error TS1109: Expression expected.
server/storage-memory.ts(400,1): error TS1127: Invalid character.
server/storage-memory.ts(400,3): error TS1127: Invalid character.
server/storage-memory.ts(400,4): error TS1127: Invalid character.
server/storage-memory.ts(400,5): error TS1127: Invalid character.
server/storage-memory.ts(400,6): error TS1127: Invalid character.
server/storage-memory.ts(400,7): error TS1127: Invalid character.
server/storage-memory.ts(400,8): error TS1127: Invalid character.
server/storage-memory.ts(400,9): error TS1127: Invalid character.
server/storage-memory.ts(400,10): error TS1127: Invalid character.
server/storage-memory.ts(400,11): error TS1127: Invalid character.
server/storage-memory.ts(400,12): error TS1127: Invalid character.
server/storage-memory.ts(400,13): error TS1127: Invalid character.
server/storage-memory.ts(400,14): error TS1127: Invalid character.
server/storage-memory.ts(400,15): error TS1127: Invalid character.
server/storage-memory.ts(400,16): error TS1127: Invalid character.
server/storage-memory.ts(400,17): error TS1127: Invalid character.
server/storage-memory.ts(400,18): error TS1127: Invalid character.
server/storage-memory.ts(400,19): error TS1127: Invalid character.
server/storage-memory.ts(400,20): error TS1127: Invalid character.
server/storage-memory.ts(400,21): error TS1127: Invalid character.
server/storage-memory.ts(400,22): error TS1127: Invalid character.
server/storage-memory.ts(400,23): error TS1127: Invalid character.
server/storage-memory.ts(400,24): error TS1127: Invalid character.
server/storage-memory.ts(400,25): error TS1127: Invalid character.
server/storage-memory.ts(400,26): error TS1127: Invalid character.
server/storage-memory.ts(400,27): error TS1127: Invalid character.
server/storage-memory.ts(400,28): error TS1127: Invalid character.
server/storage-memory.ts(400,29): error TS1127: Invalid character.
server/storage-memory.ts(400,30): error TS1127: Invalid character.
server/storage-memory.ts(400,31): error TS1127: Invalid character.
server/storage-memory.ts(400,32): error TS1127: Invalid character.
server/storage-memory.ts(400,33): error TS1127: Invalid character.
server/storage-memory.ts(400,34): error TS1127: Invalid character.
server/storage-memory.ts(400,35): error TS1127: Invalid character.
server/storage-memory.ts(400,36): error TS1127: Invalid character.
server/storage-memory.ts(400,37): error TS1127: Invalid character.
server/storage-memory.ts(400,38): error TS1127: Invalid character.
server/storage-memory.ts(400,39): error TS1127: Invalid character.
server/storage-memory.ts(400,40): error TS1127: Invalid character.
server/storage-memory.ts(400,41): error TS1127: Invalid character.
server/storage-memory.ts(400,42): error TS1127: Invalid character.
server/storage-memory.ts(400,43): error TS1127: Invalid character.
server/storage-memory.ts(400,44): error TS1127: Invalid character.
server/storage-memory.ts(400,45): error TS1127: Invalid character.
server/storage-memory.ts(400,46): error TS1127: Invalid character.
server/storage-memory.ts(400,47): error TS1127: Invalid character.
server/storage-memory.ts(400,48): error TS1127: Invalid character.
server/storage-memory.ts(400,49): error TS1127: Invalid character.
server/storage-memory.ts(400,50): error TS1127: Invalid character.
server/storage-memory.ts(400,51): error TS1127: Invalid character.
server/storage-memory.ts(400,52): error TS1127: Invalid character.
server/storage-memory.ts(400,53): error TS1127: Invalid character.
server/storage-memory.ts(400,54): error TS1127: Invalid character.
server/storage-memory.ts(400,55): error TS1127: Invalid character.
server/storage-memory.ts(400,56): error TS1127: Invalid character.
server/storage-memory.ts(400,57): error TS1127: Invalid character.
server/storage-memory.ts(400,58): error TS1127: Invalid character.
server/storage-memory.ts(402,1): error TS1127: Invalid character.
server/storage-memory.ts(402,3): error TS1127: Invalid character.
server/storage-memory.ts(402,4): error TS1127: Invalid character.
server/storage-memory.ts(402,6): error TS1434: Unexpected keyword or identifier.
server/storage-memory.ts(402,13): error TS1005: ';' expected.
server/storage-memory.ts(402,15): error TS1434: Unexpected keyword or identifier.
server/storage-memory.ts(402,34): error TS1127: Invalid character.
server/storage-memory.ts(402,35): error TS1127: Invalid character.
server/storage-memory.ts(402,36): error TS1127: Invalid character.
server/storage-memory.ts(402,37): error TS1127: Invalid character.
server/storage-memory.ts(402,38): error TS1127: Invalid character.
server/storage-memory.ts(402,39): error TS1127: Invalid character.
server/storage-memory.ts(402,40): error TS1127: Invalid character.
server/storage-memory.ts(402,41): error TS1127: Invalid character.
server/storage-memory.ts(402,42): error TS1127: Invalid character.
server/storage-memory.ts(402,43): error TS1127: Invalid character.
server/storage-memory.ts(402,44): error TS1127: Invalid character.
server/storage-memory.ts(402,45): error TS1127: Invalid character.
server/storage-memory.ts(402,46): error TS1127: Invalid character.
server/storage-memory.ts(402,47): error TS1127: Invalid character.
server/storage-memory.ts(402,48): error TS1127: Invalid character.
server/storage-memory.ts(402,49): error TS1127: Invalid character.
server/storage-memory.ts(402,50): error TS1127: Invalid character.
server/storage-memory.ts(402,51): error TS1127: Invalid character.
server/storage-memory.ts(402,52): error TS1127: Invalid character.
server/storage-memory.ts(402,53): error TS1127: Invalid character.
server/storage-memory.ts(402,54): error TS1127: Invalid character.
server/storage-memory.ts(402,55): error TS1127: Invalid character.
server/storage-memory.ts(402,56): error TS1127: Invalid character.
server/storage-memory.ts(402,57): error TS1127: Invalid character.
server/storage-memory.ts(402,58): error TS1127: Invalid character.
server/storage-memory.ts(402,59): error TS1127: Invalid character.
server/storage-memory.ts(403,1): error TS1435: Unknown keyword or identifier. Did you mean 'from'?
server/storage-memory.ts(403,23): error TS1005: ';' expected.
server/storage-memory.ts(405,1): error TS1434: Unexpected keyword or identifier.
server/storage-memory.ts(405,13): error TS1005: ';' expected.
server/storage-memory.ts(405,31): error TS1005: ';' expected.
server/storage-memory.ts(405,44): error TS1005: ';' expected.
server/storage-memory.ts(405,66): error TS1127: Invalid character.
server/storage-memory.ts(405,67): error TS1127: Invalid character.
server/storage-memory.ts(406,25): error TS1005: ';' expected.
server/storage-memory.ts(406,41): error TS1109: Expression expected.
server/storage-memory.ts(406,44): error TS1134: Variable declaration expected.
server/storage-memory.ts(716,1): error TS1010: '*/' expected.
